// Jest Snapshot v1, https://goo.gl/fbAQLP

exports[`renders correctly 1`] = `
<View
  style={
    Array [
      Object {
        "backgroundColor": "#fff",
        "borderColor": "#fff",
        "borderRadius": 25,
        "borderStyle": "solid",
        "borderWidth": 1,
        "color": "#000",
        "paddingVertical": 10,
        "textAlign": "center",
        "width": 100,
      },
      Object {
        "textAlign": "center",
      },
    ]
  }
>
  <View
    accessible={true}
    focusable={false}
    onClick={[Function]}
    onResponderGrant={[Function]}
    onResponderMove={[Function]}
    onResponderRelease={[Function]}
    onResponderTerminate={[Function]}
    onResponderTerminationRequest={[Function]}
    onStartShouldSetResponder={[Function]}
    style={
      Object {
        "opacity": 1,
      }
    }
  >
    <Text
      style={
        Object {
          "textAlign": "center",
        }
      }
    >
      button
    </Text>
  </View>
</View>
`;
